// Jest Snapshot v1, https://goo.gl/fbAQLP

exports[`SongPlayer should match snapshot 1`] = `
<View
  style={
    Object {
      "alignItems": "center",
      "backgroundColor": "white",
      "flex": 1,
      "justifyContent": "center",
    }
  }
>
  <Text>
    Song Player
  </Text>
</View>
`;
