// Jest Snapshot v1, https://goo.gl/fbAQLP

exports[`Salsa should match snapshot 1`] = `
<View>
  <View
    style={
      Object {
        "marginBottom": 60,
        "width": 600,
      }
    }
  >
    <View
      style={
        Object {
          "display": "flex",
          "justifyContent": "space-around",
          "left": 10,
          "padding": 50,
          "top": 100,
        }
      }
    >
      <Text
        style={
          Object {
            "color": "white",
            "fontSize": 20,
            "left": 200,
            "marginBottom": -25,
            "marginTop": -25,
          }
        }
      >
        Left Front
      </Text>
      <View
        accessible={true}
        focusable={true}
        isTVSelectable={true}
        onClick={[Function]}
        onResponderGrant={[Function]}
        onResponderMove={[Function]}
        onResponderRelease={[Function]}
        onResponderTerminate={[Function]}
        onResponderTerminationRequest={[Function]}
        onStartShouldSetResponder={[Function]}
        style={
          Object {
            "left": "35%",
            "opacity": 1,
            "padding": 20,
            "width": "5%",
          }
        }
      >
        <View
          style={
            Object {
              "borderColor": "#F60091",
              "borderRadius": 24,
              "borderWidth": 24,
              "margin": 20,
              "transform": Array [
                Object {
                  "scaleX": 1,
                },
                Object {
                  "scaleY": 1,
                },
              ],
            }
          }
        />
      </View>
      <View
        style={
          Object {
            "display": "flex",
            "flexDirection": "row",
            "justifyContent": "space-around",
            "padding": 20,
          }
        }
      >
        <View
          accessible={true}
          focusable={true}
          isTVSelectable={true}
          onClick={[Function]}
          onResponderGrant={[Function]}
          onResponderMove={[Function]}
          onResponderRelease={[Function]}
          onResponderTerminate={[Function]}
          onResponderTerminationRequest={[Function]}
          onStartShouldSetResponder={[Function]}
          style={
            Object {
              "opacity": 1,
            }
          }
        >
          <View
            style={
              Object {
                "borderColor": "#FFEB00",
                "borderRadius": 24,
                "borderWidth": 24,
                "margin": 20,
                "transform": Array [
                  Object {
                    "scaleX": 1,
                  },
                  Object {
                    "scaleY": 1,
                  },
                ],
              }
            }
          />
          <Text
            style={
              Object {
                "color": "white",
                "fontSize": 20,
                "left": 24,
              }
            }
          >
            Right
          </Text>
        </View>
        <View
          accessible={true}
          focusable={true}
          isTVSelectable={true}
          onClick={[Function]}
          onResponderGrant={[Function]}
          onResponderMove={[Function]}
          onResponderRelease={[Function]}
          onResponderTerminate={[Function]}
          onResponderTerminationRequest={[Function]}
          onStartShouldSetResponder={[Function]}
          style={
            Object {
              "opacity": 1,
            }
          }
        >
          <View
            style={
              Object {
                "borderColor": "#F6811F",
                "borderRadius": 24,
                "borderWidth": 24,
                "margin": 20,
                "transform": Array [
                  Object {
                    "scaleX": 1,
                  },
                  Object {
                    "scaleY": 1,
                  },
                ],
              }
            }
          />
          <Text
            style={
              Object {
                "color": "white",
                "fontSize": 20,
                "left": 24,
              }
            }
          >
            Left
          </Text>
        </View>
      </View>
      <View
        style={
          Object {
            "display": "flex",
            "flexDirection": "row",
            "justifyContent": "space-around",
            "padding": 20,
          }
        }
      >
        <View
          accessible={true}
          focusable={true}
          isTVSelectable={true}
          onClick={[Function]}
          onResponderGrant={[Function]}
          onResponderMove={[Function]}
          onResponderRelease={[Function]}
          onResponderTerminate={[Function]}
          onResponderTerminationRequest={[Function]}
          onStartShouldSetResponder={[Function]}
          style={
            Object {
              "opacity": 1,
            }
          }
        >
          <View
            style={
              Object {
                "borderColor": "#71C043",
                "borderRadius": 24,
                "borderWidth": 24,
                "margin": 20,
                "transform": Array [
                  Object {
                    "scaleX": 1,
                  },
                  Object {
                    "scaleY": 1,
                  },
                ],
              }
            }
          />
          <Text
            style={
              Object {
                "color": "white",
                "fontSize": 20,
                "left": 24,
              }
            }
          >
            Right
          </Text>
        </View>
        <View
          accessible={true}
          focusable={true}
          isTVSelectable={true}
          onClick={[Function]}
          onResponderGrant={[Function]}
          onResponderMove={[Function]}
          onResponderRelease={[Function]}
          onResponderTerminate={[Function]}
          onResponderTerminationRequest={[Function]}
          onStartShouldSetResponder={[Function]}
          style={
            Object {
              "opacity": 1,
            }
          }
        >
          <View
            style={
              Object {
                "borderColor": "#03ABF0",
                "borderRadius": 24,
                "borderWidth": 24,
                "margin": 20,
                "transform": Array [
                  Object {
                    "scaleX": 1,
                  },
                  Object {
                    "scaleY": 1,
                  },
                ],
              }
            }
          />
          <Text
            style={
              Object {
                "color": "white",
                "fontSize": 20,
                "left": 24,
              }
            }
          >
            Left
          </Text>
        </View>
      </View>
      <View
        accessible={true}
        focusable={true}
        isTVSelectable={true}
        onClick={[Function]}
        onResponderGrant={[Function]}
        onResponderMove={[Function]}
        onResponderRelease={[Function]}
        onResponderTerminate={[Function]}
        onResponderTerminationRequest={[Function]}
        onStartShouldSetResponder={[Function]}
        style={
          Object {
            "left": "35%",
            "opacity": 1,
            "padding": 20,
            "width": "5%",
          }
        }
      >
        <View
          style={
            Object {
              "borderColor": "#6F2C8F",
              "borderRadius": 24,
              "borderWidth": 24,
              "margin": 20,
              "transform": Array [
                Object {
                  "scaleX": 1,
                },
                Object {
                  "scaleY": 1,
                },
              ],
            }
          }
        />
      </View>
      <Text
        style={
          Object {
            "color": "white",
            "fontSize": 20,
            "left": 200,
            "marginBottom": -25,
            "marginTop": -25,
          }
        }
      >
        Right Back
      </Text>
    </View>
  </View>
  <View />
</View>
`;
