// Jest Snapshot v1, https://goo.gl/fbAQLP

exports[`Game should match snapshot 1`] = `
<View
  style={
    Object {
      "alignItems": "center",
      "backgroundColor": "black",
      "flex": 1,
      "justifyContent": "center",
    }
  }
>
  <View
    accessibilityIgnoresInvertColors={true}
    style={
      Object {
        "flex": 1,
        "height": "95%",
        "width": null,
      }
    }
  >
    <Image
      source={1}
      style={
        Array [
          Object {
            "bottom": 0,
            "left": 0,
            "position": "absolute",
            "right": 0,
            "top": 0,
          },
          Object {
            "height": "95%",
            "width": null,
          },
          undefined,
        ]
      }
    />
    <View
      accessibilityIgnoresInvertColors={true}
      style={
        Object {
          "flex": 2,
          "height": "100%",
          "width": null,
        }
      }
    >
      <Image
        source={1}
        style={
          Array [
            Object {
              "bottom": 0,
              "left": 0,
              "position": "absolute",
              "right": 0,
              "top": 0,
            },
            Object {
              "height": "100%",
              "width": null,
            },
            undefined,
          ]
        }
      />
      <View>
        <View
          style={
            Object {
              "height": 300,
              "left": 40,
              "marginBottom": 60,
              "marginTop": 20,
              "padding": 20,
            }
          }
        >
          <View
            style={
              Object {
                "display": "flex",
                "flexDirection": "column",
                "height": "60%",
                "width": 400,
              }
            }
          >
            <View
              style={
                Object {
                  "display": "flex",
                  "flexDirection": "row",
                  "height": 100,
                  "justifyContent": "space-between",
                  "marginBottom": 100,
                  "width": "80%",
                }
              }
            >
              <View
                accessible={true}
                focusable={true}
                isTVSelectable={true}
                onClick={[Function]}
                onResponderGrant={[Function]}
                onResponderMove={[Function]}
                onResponderRelease={[Function]}
                onResponderTerminate={[Function]}
                onResponderTerminationRequest={[Function]}
                onStartShouldSetResponder={[Function]}
                style={
                  Object {
                    "opacity": 1,
                  }
                }
              >
                <View
                  style={
                    Object {
                      "borderColor": "#F60091",
                      "borderRadius": 24,
                      "borderWidth": 24,
                      "margin": 20,
                      "transform": Array [
                        Object {
                          "scaleX": 1,
                        },
                        Object {
                          "scaleY": 1,
                        },
                      ],
                    }
                  }
                />
                <Text
                  style={
                    Object {
                      "color": "white",
                      "fontSize": 20,
                      "left": 24,
                    }
                  }
                >
                  Left
                </Text>
                <View />
              </View>
              <View
                style={
                  Object {
                    "display": "flex",
                    "flexDirection": "row",
                  }
                }
              >
                <View
                  accessible={true}
                  focusable={true}
                  isTVSelectable={true}
                  onClick={[Function]}
                  onResponderGrant={[Function]}
                  onResponderMove={[Function]}
                  onResponderRelease={[Function]}
                  onResponderTerminate={[Function]}
                  onResponderTerminationRequest={[Function]}
                  onStartShouldSetResponder={[Function]}
                  style={
                    Object {
                      "opacity": 1,
                    }
                  }
                >
                  <View
                    style={
                      Object {
                        "borderColor": "#FFEB00",
                        "borderRadius": 24,
                        "borderWidth": 24,
                        "margin": 20,
                        "transform": Array [
                          Object {
                            "scaleX": 1,
                          },
                          Object {
                            "scaleY": 1,
                          },
                        ],
                      }
                    }
                  />
                  <Text
                    style={
                      Object {
                        "color": "white",
                        "fontSize": 20,
                        "left": 24,
                      }
                    }
                  >
                    Left
                  </Text>
                  <View />
                </View>
                <View
                  accessible={true}
                  focusable={true}
                  isTVSelectable={true}
                  onClick={[Function]}
                  onResponderGrant={[Function]}
                  onResponderMove={[Function]}
                  onResponderRelease={[Function]}
                  onResponderTerminate={[Function]}
                  onResponderTerminationRequest={[Function]}
                  onStartShouldSetResponder={[Function]}
                  style={
                    Object {
                      "opacity": 1,
                    }
                  }
                >
                  <View
                    style={
                      Object {
                        "borderColor": "#F6811F",
                        "borderRadius": 24,
                        "borderWidth": 24,
                        "margin": 20,
                        "transform": Array [
                          Object {
                            "scaleX": 1,
                          },
                          Object {
                            "scaleY": 1,
                          },
                        ],
                      }
                    }
                  />
                  <Text
                    style={
                      Object {
                        "color": "white",
                        "fontSize": 20,
                        "left": 24,
                      }
                    }
                  >
                    Right
                  </Text>
                  <View />
                </View>
              </View>
            </View>
            <View
              style={
                Object {
                  "display": "flex",
                  "flexDirection": "row",
                  "justifyContent": "space-between",
                  "width": "80%",
                }
              }
            >
              <View
                style={
                  Object {
                    "display": "flex",
                    "flexDirection": "row",
                  }
                }
              >
                <View
                  accessible={true}
                  focusable={true}
                  isTVSelectable={true}
                  onClick={[Function]}
                  onResponderGrant={[Function]}
                  onResponderMove={[Function]}
                  onResponderRelease={[Function]}
                  onResponderTerminate={[Function]}
                  onResponderTerminationRequest={[Function]}
                  onStartShouldSetResponder={[Function]}
                  style={
                    Object {
                      "opacity": 1,
                    }
                  }
                >
                  <View
                    style={
                      Object {
                        "borderColor": "#03ABF0",
                        "borderRadius": 24,
                        "borderWidth": 24,
                        "margin": 20,
                        "transform": Array [
                          Object {
                            "scaleX": 1,
                          },
                          Object {
                            "scaleY": 1,
                          },
                        ],
                      }
                    }
                  />
                  <Text
                    style={
                      Object {
                        "color": "white",
                        "fontSize": 20,
                        "left": 24,
                      }
                    }
                  >
                    Left
                  </Text>
                  <View />
                </View>
                <View
                  accessible={true}
                  focusable={true}
                  isTVSelectable={true}
                  onClick={[Function]}
                  onResponderGrant={[Function]}
                  onResponderMove={[Function]}
                  onResponderRelease={[Function]}
                  onResponderTerminate={[Function]}
                  onResponderTerminationRequest={[Function]}
                  onStartShouldSetResponder={[Function]}
                  style={
                    Object {
                      "opacity": 1,
                    }
                  }
                >
                  <View
                    style={
                      Object {
                        "borderColor": "#6F2C8F",
                        "borderRadius": 24,
                        "borderWidth": 24,
                        "margin": 20,
                        "transform": Array [
                          Object {
                            "scaleX": 1,
                          },
                          Object {
                            "scaleY": 1,
                          },
                        ],
                      }
                    }
                  />
                  <Text
                    style={
                      Object {
                        "color": "white",
                        "fontSize": 20,
                        "left": 24,
                      }
                    }
                  >
                    Right
                  </Text>
                  <View />
                </View>
              </View>
              <View
                accessible={true}
                focusable={true}
                isTVSelectable={true}
                onClick={[Function]}
                onResponderGrant={[Function]}
                onResponderMove={[Function]}
                onResponderRelease={[Function]}
                onResponderTerminate={[Function]}
                onResponderTerminationRequest={[Function]}
                onStartShouldSetResponder={[Function]}
                style={
                  Object {
                    "opacity": 1,
                  }
                }
              >
                <View
                  style={
                    Object {
                      "borderColor": "#71C043",
                      "borderRadius": 24,
                      "borderWidth": 24,
                      "margin": 20,
                      "transform": Array [
                        Object {
                          "scaleX": 1,
                        },
                        Object {
                          "scaleY": 1,
                        },
                      ],
                    }
                  }
                />
                <Text
                  style={
                    Object {
                      "color": "white",
                      "fontSize": 20,
                      "left": 24,
                    }
                  }
                >
                  Right
                </Text>
                <View />
              </View>
            </View>
          </View>
        </View>
        <View />
        <Text
          style={
            Object {
              "color": "#A9C344",
              "fontSize": 23,
              "marginTop": 15,
              "textAlign": "center",
              "textShadowColor": "#000",
              "textShadowOffset": Object {
                "height": 2,
                "width": 2,
              },
              "textShadowRadius": 2,
            }
          }
        >
          Your Points: 
          0
        </Text>
        <Text
          style={
            Object {
              "color": "#A9C344",
              "fontSize": 23,
              "marginBottom": 10,
              "marginTop": 5,
              "textAlign": "center",
              "textShadowColor": "#000",
              "textShadowOffset": Object {
                "height": 2,
                "width": 2,
              },
              "textShadowRadius": 2,
            }
          }
        >
          Possible Points: 
          392
        </Text>
      </View>
    </View>
  </View>
  <View
    style={
      Object {
        "backgroundColor": "black",
      }
    }
  >
    <View
      accessible={true}
      focusable={true}
      isTVSelectable={true}
      onClick={[Function]}
      onResponderGrant={[Function]}
      onResponderMove={[Function]}
      onResponderRelease={[Function]}
      onResponderTerminate={[Function]}
      onResponderTerminationRequest={[Function]}
      onStartShouldSetResponder={[Function]}
      style={
        Object {
          "backgroundColor": "#A93133",
          "borderRadius": 50,
          "margin": 10,
          "opacity": 1,
          "width": "80%",
        }
      }
    >
      <Text
        style={
          Object {
            "fontSize": 30,
            "fontWeight": "bold",
            "padding": 20,
            "textAlign": "center",
          }
        }
      >
        Quit
      </Text>
    </View>
  </View>
</View>
`;
